[overworld.qodeinteractive.com/tournament/madrid-open/index.html]
[backblue.gif]
[fade.gif]
[index.html]
[overworld.qodeinteractive.com/wp-content/uploads/2019/10/tour-img-1.png]
[overworld.qodeinteractive.com/wp-content/plugins/instagram-feed/css/sbi-styles.min4315.css]
[overworld.qodeinteractive.com/wp-includes/css/dist/block-library/style.min080f.css]
[overworld.qodeinteractive.com/wp-content/plugins/woocommerce/packages/woocommerce-blocks/build/wc-blocks-vendors-style5c45.css]
[overworld.qodeinteractive.com/wp-content/plugins/woocommerce/packages/woocommerce-blocks/build/wc-blocks-style5c45.css]
[overworld.qodeinteractive.com/wp-content/plugins/anti-spam/assets/css/admin-bardc24.css]
[overworld.qodeinteractive.com/wp-content/plugins/contact-form-7/includes/css/styles5697.css]
[export.qodethemes.com/_toolbar/assets/css/rbt-modules080f.css]
[overworld.qodeinteractive.com/tournament/madrid-open/feed/index.html]
[overworld.qodeinteractive.com/wp-content/plugins/wp-user-avatar/assets/css/frontend.min2072.css]
[overworld.qodeinteractive.com/wp-content/plugins/wp-user-avatar/assets/flatpickr/flatpickr.min2072.css]
[overworld.qodeinteractive.com/wp-content/plugins/wp-user-avatar/assets/select2/select2.min080f.css]
[overworld.qodeinteractive.com/wp-content/plugins/qi-addons-for-elementor/assets/plugins/swiper/swiper.min080f.css]
[overworld.qodeinteractive.com/wp-content/plugins/qi-addons-for-elementor/assets/css/grid.min080f.css]
[overworld.qodeinteractive.com/wp-content/plugins/qi-addons-for-elementor/assets/css/helper-parts.min080f.css]
[overworld.qodeinteractive.com/wp-content/plugins/qi-addons-for-elementor/assets/css/main.min080f.css]
[overworld.qodeinteractive.com/wp-content/themes/overworld/assets/css/modules.min080f.css]
[overworld.qodeinteractive.com/wp-content/themes/overworld/framework/lib/icons-pack/dripicons/dripicons080f.css]
[overworld.qodeinteractive.com/wp-content/themes/overworld/framework/lib/icons-pack/elegant-icons/style.min080f.css]
[overworld.qodeinteractive.com/wp-content/themes/overworld/framework/lib/icons-pack/font-awesome/css/fontawesome-all.min080f.css]
[overworld.qodeinteractive.com/wp-content/themes/overworld/framework/lib/icons-pack/ion-icons/css/ionicons.min080f.css]
[overworld.qodeinteractive.com/wp-content/themes/overworld/framework/lib/icons-pack/linea-icons/style080f.css]
[overworld.qodeinteractive.com/wp-content/themes/overworld/framework/lib/icons-pack/linear-icons/style080f.css]
[overworld.qodeinteractive.com/wp-content/themes/overworld/framework/lib/icons-pack/simple-line-icons/simple-line-icons080f.css]
[overworld.qodeinteractive.com/wp-includes/js/mediaelement/mediaelementplayer-legacy.min08e1.css]
[overworld.qodeinteractive.com/wp-includes/js/mediaelement/wp-mediaelement.min080f.css]
[overworld.qodeinteractive.com/wp-content/themes/overworld/assets/css/woocommerce.min080f.css]
[overworld.qodeinteractive.com/wp-content/themes/overworld/assets/css/woocommerce-responsive.min080f.css]
[overworld.qodeinteractive.com/wp-content/themes/overworld/assets/css/style_dynamicf419.css]
[overworld.qodeinteractive.com/wp-content/themes/overworld/assets/css/modules-responsive.min080f.css]
[overworld.qodeinteractive.com/wp-content/themes/overworld/assets/css/style_dynamic_responsivef419.css]
[overworld.qodeinteractive.com/wp-content/plugins/js_composer/assets/css/js_composer.min8e94.css]
[overworld.qodeinteractive.com/wp-includes/js/jquery/jquery.minaf6c.js]
[overworld.qodeinteractive.com/wp-includes/js/jquery/jquery-migrate.mind617.js]
[overworld.qodeinteractive.com/wp-content/plugins/revslider/public/assets/js/rbtools.min5c66.js]
[overworld.qodeinteractive.com/wp-content/plugins/revslider/public/assets/js/rs6.min5c66.js]
[overworld.qodeinteractive.com/wp-content/plugins/woocommerce/assets/js/jquery-blockui/jquery.blockUI.min8811.js]
[overworld.qodeinteractive.com/wp-content/plugins/woocommerce/assets/js/frontend/add-to-cart.minaf8e.js]
[overworld.qodeinteractive.com/wp-content/plugins/wp-user-avatar/assets/flatpickr/flatpickr.min080f.js]
[overworld.qodeinteractive.com/wp-content/plugins/wp-user-avatar/assets/select2/select2.min080f.js]
[overworld.qodeinteractive.com/wp-content/plugins/js_composer/assets/js/vendors/woocommerce-add-to-cart8e94.js]
[overworld.qodeinteractive.com/wp-content/uploads/2020/01/cropped-favicon-100x100.png]
[overworld.qodeinteractive.com/wp-content/uploads/2020/01/cropped-favicon.png]
[overworld.qodeinteractive.com/wp-content/uploads/2020/01/logo-standard-OVERWORLD.png]
[overworld.qodeinteractive.com/wp-content/plugins/overworld-core/assets/css/img/transparent.png]
[overworld.qodeinteractive.com/wp-content/uploads/2019/10/sponsor-img-1.png]
[overworld.qodeinteractive.com/wp-content/uploads/2019/10/platform-logo-3.png]
[overworld.qodeinteractive.com/wp-content/uploads/2019/10/team-img-2.png]
[overworld.qodeinteractive.com/wp-content/uploads/2019/10/team-img-1.png]
[overworld.qodeinteractive.com/wp-content/uploads/2019/10/team-img-3.png]
[overworld.qodeinteractive.com/wp-content/uploads/2019/10/team-img-4.png]
[overworld.qodeinteractive.com/wp-content/uploads/2019/10/team-img-8.png]
[overworld.qodeinteractive.com/wp-content/uploads/2019/10/team-img-6.png]
[overworld.qodeinteractive.com/wp-content/uploads/2019/10/team-img-5.png]
[overworld.qodeinteractive.com/wp-content/uploads/2019/10/team-img-7.png]
[overworld.qodeinteractive.com/wp-content/uploads/2019/10/team-client-img-1.png]
[overworld.qodeinteractive.com/wp-content/uploads/2019/10/team-client-hover-img-1.png]
[overworld.qodeinteractive.com/wp-content/uploads/2019/10/team-client-img-2.png]
[overworld.qodeinteractive.com/wp-content/uploads/2019/10/team-client-hover-img-2.png]
[overworld.qodeinteractive.com/wp-content/uploads/2019/10/team-client-img-3.png]
[overworld.qodeinteractive.com/wp-content/uploads/2019/10/team-client-hover-img-3.png]
[overworld.qodeinteractive.com/wp-content/uploads/2019/10/team-client-img-4.png]
[overworld.qodeinteractive.com/wp-content/uploads/2019/10/team-client-hover-img-4.png]
[overworld.qodeinteractive.com/wp-content/uploads/2019/10/team-client-img-5.png]
[overworld.qodeinteractive.com/wp-content/uploads/2019/10/team-client-hover-img-5.png]
[overworld.qodeinteractive.com/wp-content/uploads/2019/10/team-client-img-6.png]
[overworld.qodeinteractive.com/wp-content/uploads/2019/10/team-client-hover-img-6.png]
[overworld.qodeinteractive.com/wp-content/uploads/2020/01/footer-logo-OVERWORLD.png]
[overworld.qodeinteractive.com/wp-content/uploads/2020/01/left-menu-OVERWOLD-logo.png]
[overworld.qodeinteractive.com/wp-content/plugins/revslider/public/assets/css/rs65c66.css]
[overworld.qodeinteractive.com/wp-content/plugins/anti-spam/assets/js/anti-spamdc24.js]
[overworld.qodeinteractive.com/wp-includes/js/dist/vendor/regenerator-runtime.minb36a.js]
[overworld.qodeinteractive.com/wp-includes/js/dist/vendor/wp-polyfill.min2c7c.js]
[overworld.qodeinteractive.com/wp-content/plugins/contact-form-7/includes/js/index5697.js]
[export.qodethemes.com/_toolbar/assets/js/rbt-modules080f.js]
[overworld.qodeinteractive.com/wp-content/plugins/woocommerce/assets/js/js-cookie/js.cookie.mineff6.js]
[overworld.qodeinteractive.com/wp-content/plugins/woocommerce/assets/js/frontend/woocommerce.minaf8e.js]
[overworld.qodeinteractive.com/wp-content/plugins/woocommerce/assets/js/frontend/cart-fragments.minaf8e.js]
[overworld.qodeinteractive.com/wp-content/plugins/wp-user-avatar/assets/js/frontend.min2072.js]
[overworld.qodeinteractive.com/wp-content/plugins/duracelltomi-google-tag-manager/js/gtm4wp-form-move-tracker14b6.js]
[overworld.qodeinteractive.com/wp-includes/js/jquery/ui/core.min35d0.js]
[overworld.qodeinteractive.com/wp-content/plugins/qi-addons-for-elementor/assets/js/main.min080f.js]
[overworld.qodeinteractive.com/wp-includes/js/jquery/ui/tabs.min35d0.js]
[overworld.qodeinteractive.com/wp-includes/js/mediaelement/mediaelement-and-player.min08e1.js]
[overworld.qodeinteractive.com/wp-includes/js/mediaelement/mediaelement-migrate.min080f.js]
[overworld.qodeinteractive.com/wp-includes/js/mediaelement/wp-mediaelement.min080f.js]
[overworld.qodeinteractive.com/wp-content/themes/overworld/assets/js/modules/plugins/jquery.appear080f.js]
[overworld.qodeinteractive.com/wp-content/themes/overworld/assets/js/modules/plugins/modernizr.min080f.js]
[overworld.qodeinteractive.com/wp-includes/js/hoverIntent.min73b9.js]
[overworld.qodeinteractive.com/wp-content/themes/overworld/assets/js/modules/plugins/owl.carousel.min080f.js]
[overworld.qodeinteractive.com/wp-content/themes/overworld/assets/js/modules/plugins/jquery.waypoints.min080f.js]
[overworld.qodeinteractive.com/wp-content/themes/overworld/assets/js/modules/plugins/fluidvids.min080f.js]
[overworld.qodeinteractive.com/wp-content/themes/overworld/assets/js/modules/plugins/perfect-scrollbar.jquery.min080f.js]
[overworld.qodeinteractive.com/wp-content/themes/overworld/assets/js/modules/plugins/ScrollToPlugin.min080f.js]
[overworld.qodeinteractive.com/wp-content/themes/overworld/assets/js/modules/plugins/parallax.min080f.js]
[overworld.qodeinteractive.com/wp-content/themes/overworld/assets/js/modules/plugins/jquery.waitforimages080f.js]
[overworld.qodeinteractive.com/wp-content/themes/overworld/assets/js/modules/plugins/jquery.prettyPhoto080f.js]
[overworld.qodeinteractive.com/wp-content/themes/overworld/assets/js/modules/plugins/jquery.easing.1.3080f.js]
[overworld.qodeinteractive.com/wp-content/plugins/js_composer/assets/lib/bower/isotope/dist/isotope.pkgd.min8e94.js]
[overworld.qodeinteractive.com/wp-content/plugins/elementor/assets/lib/swiper/swiper.min48f5.js]
[overworld.qodeinteractive.com/wp-content/themes/overworld/assets/js/modules/plugins/slick.min080f.js]
[overworld.qodeinteractive.com/wp-content/plugins/qi-addons-for-elementor/inc/masonry/assets/js/plugins/packery-mode.pkgd.min080f.js]
[overworld.qodeinteractive.com/wp-content/plugins/woocommerce/assets/js/select2/select2.full.minae68.js]
[overworld.qodeinteractive.com/wp-content/themes/overworld/assets/js/modules.min080f.js]
[overworld.qodeinteractive.com/wp-includes/js/comment-reply.min080f.js]
[overworld.qodeinteractive.com/wp-includes/js/wp-embed.min080f.js]
[overworld.qodeinteractive.com/wp-content/plugins/js_composer/assets/js/dist/js_composer_front.min8e94.js]
[overworld.qodeinteractive.com/tournament/madrid-open/index.html]
[overworld.qodeinteractive.com/wp-content/plugins/instagram-feed/js/sbi-scripts.min4315.js]
[overworld.qodeinteractive.com/wp-content/plugins/instagram-feed/img/small-logo.png]
[overworld.qodeinteractive.com/wp-content/plugins/instagram-feed/css/sbi-styles.min4315.css]
[overworld.qodeinteractive.com/wp-includes/css/dist/block-library/style.min080f.css]
[overworld.qodeinteractive.com/wp-content/plugins/woocommerce/packages/woocommerce-blocks/build/wc-blocks-vendors-style5c45.css]
[overworld.qodeinteractive.com/wp-content/plugins/woocommerce/packages/woocommerce-blocks/build/wc-blocks-style5c45.css]
[overworld.qodeinteractive.com/wp-content/plugins/anti-spam/assets/img/titan-icon.png]
[overworld.qodeinteractive.com/wp-content/plugins/anti-spam/assets/css/admin-bardc24.css]
[overworld.qodeinteractive.com/wp-content/plugins/contact-form-7/includes/css/styles5697.css]
[export.qodethemes.com/_toolbar/assets/css/rbt-modules080f.css]
[overworld.qodeinteractive.com/wp-content/plugins/wp-user-avatar/assets/css/material-icons/MaterialIcons-Regular.eot]
[overworld.qodeinteractive.com/wp-content/plugins/wp-user-avatar/assets/css/material-icons/MaterialIcons-Regular.woff2]
[overworld.qodeinteractive.com/wp-content/plugins/wp-user-avatar/assets/css/material-icons/MaterialIcons-Regular.woff]
[overworld.qodeinteractive.com/wp-content/plugins/wp-user-avatar/assets/css/material-icons/MaterialIcons-Regular.ttf]
[overworld.qodeinteractive.com/wp-content/plugins/wp-user-avatar/assets/images/frontend/arrow-down.png]
[overworld.qodeinteractive.com/wp-content/plugins/wp-user-avatar/assets/css/frontend.min2072.css]
[overworld.qodeinteractive.com/wp-content/plugins/wp-user-avatar/assets/flatpickr/flatpickr.min2072.css]
[overworld.qodeinteractive.com/wp-content/plugins/wp-user-avatar/assets/select2/select2.min080f.css]
[overworld.qodeinteractive.com/wp-content/plugins/qi-addons-for-elementor/assets/plugins/swiper/swiper.min080f.css]
[overworld.qodeinteractive.com/wp-content/plugins/qi-addons-for-elementor/assets/css/grid.min080f.css]
[overworld.qodeinteractive.com/wp-content/plugins/qi-addons-for-elementor/assets/css/helper-parts.min080f.css]
[overworld.qodeinteractive.com/wp-content/plugins/qi-addons-for-elementor/assets/css/main.min080f.css]
[overworld.qodeinteractive.com/wp-content/themes/overworld/style080f.css]
[overworld.qodeinteractive.com/wp-content/themes/overworld/assets/img/preload_pattern.png]
[overworld.qodeinteractive.com/wp-content/themes/overworld/assets/img/link.png]
[overworld.qodeinteractive.com/wp-content/themes/overworld/assets/img/quotes.png]
[overworld.qodeinteractive.com/wp-content/themes/overworld/assets/css/modules.min080f.css]
[overworld.qodeinteractive.com/wp-content/themes/overworld/framework/lib/icons-pack/dripicons/fonts/dripicons-v2.eot]
[overworld.qodeinteractive.com/wp-content/themes/overworld/framework/lib/icons-pack/dripicons/fonts/dripicons-v2d41d.eot]
[overworld.qodeinteractive.com/wp-content/themes/overworld/framework/lib/icons-pack/dripicons/fonts/dripicons-v2.woff]
[overworld.qodeinteractive.com/wp-content/themes/overworld/framework/lib/icons-pack/dripicons/fonts/dripicons-v2.ttf]
[overworld.qodeinteractive.com/wp-content/themes/overworld/framework/lib/icons-pack/dripicons/dripicons080f.css]
[overworld.qodeinteractive.com/wp-content/themes/overworld/framework/lib/icons-pack/dripicons/fonts/dripicons-v2.svg]
[overworld.qodeinteractive.com/wp-content/themes/overworld/framework/lib/icons-pack/elegant-icons/fonts/ElegantIcons.eot]
[overworld.qodeinteractive.com/wp-content/themes/overworld/framework/lib/icons-pack/elegant-icons/fonts/ElegantIconsd41d.eot]
[overworld.qodeinteractive.com/wp-content/themes/overworld/framework/lib/icons-pack/elegant-icons/fonts/ElegantIcons.woff]
[overworld.qodeinteractive.com/wp-content/themes/overworld/framework/lib/icons-pack/elegant-icons/fonts/ElegantIcons.ttf]
[overworld.qodeinteractive.com/wp-content/themes/overworld/framework/lib/icons-pack/elegant-icons/style.min080f.css]
[overworld.qodeinteractive.com/wp-content/themes/overworld/framework/lib/icons-pack/font-awesome/css/fontawesome-all.min080f.css]
[overworld.qodeinteractive.com/wp-content/themes/overworld/framework/lib/icons-pack/ion-icons/css/ionicons.min080f.css]
[overworld.qodeinteractive.com/wp-content/themes/overworld/framework/lib/icons-pack/elegant-icons/fonts/ElegantIcons.svg]
[overworld.qodeinteractive.com/wp-content/themes/overworld/framework/lib/icons-pack/linea-icons/arrows/fonts/linea-arrows-10.eot]
[overworld.qodeinteractive.com/wp-content/themes/overworld/framework/lib/icons-pack/linea-icons/arrows/fonts/linea-arrows-10d41d.eot]
[overworld.qodeinteractive.com/wp-content/themes/overworld/framework/lib/icons-pack/linea-icons/arrows/fonts/linea-arrows-10.woff]
[overworld.qodeinteractive.com/wp-content/themes/overworld/framework/lib/icons-pack/linea-icons/arrows/fonts/linea-arrows-10.ttf]
[overworld.qodeinteractive.com/wp-content/themes/overworld/framework/lib/icons-pack/linea-icons/arrows/fonts/linea-arrows-10.svg]
[overworld.qodeinteractive.com/wp-content/themes/overworld/framework/lib/icons-pack/linea-icons/basic/fonts/linea-basic-10.eot]
[overworld.qodeinteractive.com/wp-content/themes/overworld/framework/lib/icons-pack/linea-icons/basic/fonts/linea-basic-10d41d.eot]
[overworld.qodeinteractive.com/wp-content/themes/overworld/framework/lib/icons-pack/linea-icons/basic/fonts/linea-basic-10.woff]
[overworld.qodeinteractive.com/wp-content/themes/overworld/framework/lib/icons-pack/linea-icons/basic/fonts/linea-basic-10.ttf]
[overworld.qodeinteractive.com/wp-content/themes/overworld/framework/lib/icons-pack/linea-icons/basic/fonts/linea-basic-10.svg]
[overworld.qodeinteractive.com/wp-content/themes/overworld/framework/lib/icons-pack/linea-icons/basic-elaboration/fonts/linea-basic-elaboration-10.eot]
[overworld.qodeinteractive.com/wp-content/themes/overworld/framework/lib/icons-pack/linea-icons/basic-elaboration/fonts/linea-basic-elaboration-10d41d.eot]
[overworld.qodeinteractive.com/wp-content/themes/overworld/framework/lib/icons-pack/linea-icons/basic-elaboration/fonts/linea-basic-elaboration-10.woff]
[overworld.qodeinteractive.com/wp-content/themes/overworld/framework/lib/icons-pack/linea-icons/basic-elaboration/fonts/linea-basic-elaboration-10.ttf]
[overworld.qodeinteractive.com/wp-content/themes/overworld/framework/lib/icons-pack/linea-icons/basic-elaboration/fonts/linea-basic-elaboration-10.svg]
[overworld.qodeinteractive.com/wp-content/themes/overworld/framework/lib/icons-pack/linea-icons/ecommerce/fonts/linea-ecommerce-10.eot]
[overworld.qodeinteractive.com/wp-content/themes/overworld/framework/lib/icons-pack/linea-icons/ecommerce/fonts/linea-ecommerce-10d41d.eot]
[overworld.qodeinteractive.com/wp-content/themes/overworld/framework/lib/icons-pack/linea-icons/ecommerce/fonts/linea-ecommerce-10.woff]
[overworld.qodeinteractive.com/wp-content/themes/overworld/framework/lib/icons-pack/linea-icons/ecommerce/fonts/linea-ecommerce-10.ttf]
[overworld.qodeinteractive.com/wp-content/themes/overworld/framework/lib/icons-pack/linea-icons/ecommerce/fonts/linea-ecommerce-10.svg]
[overworld.qodeinteractive.com/wp-content/themes/overworld/framework/lib/icons-pack/linea-icons/music/fonts/linea-music-10.eot]
[overworld.qodeinteractive.com/wp-content/themes/overworld/framework/lib/icons-pack/linea-icons/music/fonts/linea-music-10d41d.eot]
[overworld.qodeinteractive.com/wp-content/themes/overworld/framework/lib/icons-pack/linea-icons/music/fonts/linea-music-10.woff]
[overworld.qodeinteractive.com/wp-content/themes/overworld/framework/lib/icons-pack/linea-icons/music/fonts/linea-music-10.ttf]
[overworld.qodeinteractive.com/wp-content/themes/overworld/framework/lib/icons-pack/linea-icons/music/fonts/linea-music-10.svg]
[overworld.qodeinteractive.com/wp-content/themes/overworld/framework/lib/icons-pack/linea-icons/software/fonts/linea-software-10.eot]
[overworld.qodeinteractive.com/wp-content/themes/overworld/framework/lib/icons-pack/linea-icons/software/fonts/linea-software-10d41d.eot]
[overworld.qodeinteractive.com/wp-content/themes/overworld/framework/lib/icons-pack/linea-icons/software/fonts/linea-software-10.woff]
[overworld.qodeinteractive.com/wp-content/themes/overworld/framework/lib/icons-pack/linea-icons/software/fonts/linea-software-10.ttf]
[overworld.qodeinteractive.com/wp-content/themes/overworld/framework/lib/icons-pack/linea-icons/software/fonts/linea-software-10.svg]
[overworld.qodeinteractive.com/wp-content/themes/overworld/framework/lib/icons-pack/linea-icons/weather/fonts/linea-weather-10.eot]
[overworld.qodeinteractive.com/wp-content/themes/overworld/framework/lib/icons-pack/linea-icons/weather/fonts/linea-weather-10d41d.eot]
[overworld.qodeinteractive.com/wp-content/themes/overworld/framework/lib/icons-pack/linea-icons/weather/fonts/linea-weather-10.woff]
[overworld.qodeinteractive.com/wp-content/themes/overworld/framework/lib/icons-pack/linea-icons/weather/fonts/linea-weather-10.ttf]
[overworld.qodeinteractive.com/wp-content/themes/overworld/framework/lib/icons-pack/linea-icons/style080f.css]
[overworld.qodeinteractive.com/wp-content/themes/overworld/framework/lib/icons-pack/linea-icons/weather/fonts/linea-weather-10.svg]
[overworld.qodeinteractive.com/wp-content/themes/overworld/framework/lib/icons-pack/linear-icons/fonts/Linearicons-Free54e9.eot]
[overworld.qodeinteractive.com/wp-content/themes/overworld/framework/lib/icons-pack/linear-icons/fonts/Linearicons-Freed41d.eot]
[overworld.qodeinteractive.com/wp-content/themes/overworld/framework/lib/icons-pack/linear-icons/fonts/Linearicons-Free54e9.woff2]
[overworld.qodeinteractive.com/wp-content/themes/overworld/framework/lib/icons-pack/linear-icons/fonts/Linearicons-Free54e9.woff]
[overworld.qodeinteractive.com/wp-content/themes/overworld/framework/lib/icons-pack/linear-icons/fonts/Linearicons-Free54e9.ttf]
[overworld.qodeinteractive.com/wp-content/themes/overworld/framework/lib/icons-pack/linear-icons/style080f.css]
[overworld.qodeinteractive.com/wp-content/themes/overworld/framework/lib/icons-pack/linear-icons/fonts/Linearicons-Free54e9.svg]
[overworld.qodeinteractive.com/wp-content/themes/overworld/framework/lib/icons-pack/simple-line-icons/fonts/Simple-Line-Iconsb26c.eot]
[overworld.qodeinteractive.com/wp-content/themes/overworld/framework/lib/icons-pack/simple-line-icons/fonts/Simple-Line-Iconsb26c.ttf]
[overworld.qodeinteractive.com/wp-content/themes/overworld/framework/lib/icons-pack/simple-line-icons/fonts/Simple-Line-Iconsb26c.woff2]
[overworld.qodeinteractive.com/wp-content/themes/overworld/framework/lib/icons-pack/simple-line-icons/fonts/Simple-Line-Iconsb26c.woff]
[overworld.qodeinteractive.com/wp-content/themes/overworld/framework/lib/icons-pack/simple-line-icons/simple-line-icons080f.css]
[overworld.qodeinteractive.com/wp-content/themes/overworld/framework/lib/icons-pack/simple-line-icons/fonts/Simple-Line-Iconsb26c.svg]
[overworld.qodeinteractive.com/wp-includes/js/mediaelement/mediaelementplayer-legacy.min08e1.css]
[overworld.qodeinteractive.com/wp-includes/js/mediaelement/wp-mediaelement.min080f.css]
[overworld.qodeinteractive.com/wp-content/themes/overworld/assets/css/woocommerce.min080f.css]
[overworld.qodeinteractive.com/wp-content/themes/overworld/assets/css/woocommerce-responsive.min080f.css]
[overworld.qodeinteractive.com/wp-includes/js/mediaelement/mejs-controls.svg]
[overworld.qodeinteractive.com/wp-content/uploads/2019/11/404page-image-1.jpg]
[overworld.qodeinteractive.com/wp-content/themes/overworld/assets/css/style_dynamicf419.css]
[overworld.qodeinteractive.com/wp-content/themes/overworld/assets/css/modules-responsive.min080f.css]
[overworld.qodeinteractive.com/wp-content/themes/overworld/assets/css/style_dynamic_responsivef419.css]
[overworld.qodeinteractive.com/wp-content/plugins/js_composer/assets/vc/alert.png]
[overworld.qodeinteractive.com/wp-content/plugins/js_composer/assets/vc/info.png]
[overworld.qodeinteractive.com/wp-content/plugins/js_composer/assets/vc/tick.png]
[overworld.qodeinteractive.com/wp-content/plugins/js_composer/assets/vc/exclamation.png]
[overworld.qodeinteractive.com/wp-content/plugins/js_composer/assets/images/icons/address-book.png]
[overworld.qodeinteractive.com/wp-content/plugins/js_composer/assets/images/icons/alarm-clock.png]
[overworld.qodeinteractive.com/wp-content/plugins/js_composer/assets/images/icons/anchor.png]
[overworld.qodeinteractive.com/wp-content/plugins/js_composer/assets/images/icons/application-image.png]
[overworld.qodeinteractive.com/wp-content/plugins/js_composer/assets/images/icons/arrow.png]
[overworld.qodeinteractive.com/wp-content/plugins/js_composer/assets/images/icons/asterisk.png]
[overworld.qodeinteractive.com/wp-content/plugins/js_composer/assets/images/icons/auction-hammer.png]
[overworld.qodeinteractive.com/wp-content/plugins/js_composer/assets/images/icons/balloon.png]
[overworld.qodeinteractive.com/wp-content/plugins/js_composer/assets/images/icons/balloon-buzz.png]
[overworld.qodeinteractive.com/wp-content/plugins/js_composer/assets/images/icons/balloon-facebook.png]
[overworld.qodeinteractive.com/wp-content/plugins/js_composer/assets/images/icons/balloon-twitter.png]
[overworld.qodeinteractive.com/wp-content/plugins/js_composer/assets/images/icons/battery-full.png]
[overworld.qodeinteractive.com/wp-content/plugins/js_composer/assets/images/icons/binocular.png]
[overworld.qodeinteractive.com/wp-content/plugins/js_composer/assets/images/icons/blue-document-excel.png]
[overworld.qodeinteractive.com/wp-content/plugins/js_composer/assets/images/icons/blue-document-image.png]
[overworld.qodeinteractive.com/wp-content/plugins/js_composer/assets/images/icons/blue-document-music.png]
[overworld.qodeinteractive.com/wp-content/plugins/js_composer/assets/images/icons/blue-document-office.png]
[overworld.qodeinteractive.com/wp-content/plugins/js_composer/assets/images/icons/blue-document-pdf.png]
[overworld.qodeinteractive.com/wp-content/plugins/js_composer/assets/images/icons/blue-document-powerpoint.png]
[overworld.qodeinteractive.com/wp-content/plugins/js_composer/assets/images/icons/blue-document-word.png]
[overworld.qodeinteractive.com/wp-content/plugins/js_composer/assets/images/icons/bookmark.png]
[overworld.qodeinteractive.com/wp-content/plugins/js_composer/assets/images/icons/camcorder.png]
[overworld.qodeinteractive.com/wp-content/plugins/js_composer/assets/images/icons/camera.png]
[overworld.qodeinteractive.com/wp-content/plugins/js_composer/assets/images/icons/chart.png]
[overworld.qodeinteractive.com/wp-content/plugins/js_composer/assets/images/icons/chart-pie.png]
[overworld.qodeinteractive.com/wp-content/plugins/js_composer/assets/images/icons/clock.png]
[overworld.qodeinteractive.com/wp-content/plugins/js_composer/assets/images/icons/control.png]
[overworld.qodeinteractive.com/wp-content/plugins/js_composer/assets/images/icons/fire.png]
[overworld.qodeinteractive.com/wp-content/plugins/js_composer/assets/images/icons/heart.png]
[overworld.qodeinteractive.com/wp-content/plugins/js_composer/assets/images/icons/mail.png]
[overworld.qodeinteractive.com/wp-content/plugins/js_composer/assets/images/icons/plus-shield.png]
[overworld.qodeinteractive.com/wp-content/plugins/js_composer/assets/images/icons/video.png]
[overworld.qodeinteractive.com/wp-content/plugins/js_composer/assets/images/toggle_open.png]
[overworld.qodeinteractive.com/wp-content/plugins/js_composer/assets/images/toggle_close.png]
[overworld.qodeinteractive.com/wp-content/plugins/js_composer/assets/images/flickr.png]
[overworld.qodeinteractive.com/wp-content/plugins/js_composer/assets/images/spinner.gif]
[overworld.qodeinteractive.com/wp-content/plugins/js_composer/assets/vc/remove.png]
[overworld.qodeinteractive.com/wp-content/plugins/js_composer/assets/css/js_composer.min8e94.css]
[overworld.qodeinteractive.com/wp-content/plugins/revslider/public/assets/css/openhand.cur]
[overworld.qodeinteractive.com/wp-content/plugins/revslider/public/assets/css/closedhand.cur]
[overworld.qodeinteractive.com/wp-content/plugins/revslider/public/assets/assets/gridtile.png]
[overworld.qodeinteractive.com/wp-content/plugins/revslider/public/assets/assets/gridtile_white.png]
[overworld.qodeinteractive.com/wp-content/plugins/revslider/public/assets/assets/gridtile_3x3.png]
[overworld.qodeinteractive.com/wp-content/plugins/revslider/public/assets/assets/gridtile_3x3_white.png]
[overworld.qodeinteractive.com/wp-content/plugins/revslider/public/assets/assets/coloredbg.png]
[overworld.qodeinteractive.com/wp-content/plugins/revslider/public/assets/assets/loader.gif]
[overworld.qodeinteractive.com/wp-content/plugins/revslider/public/assets/css/rs65c66.css]
[toolbar.qodeinteractive.com/_toolbar/assets/img/rbt-placeholder.jpg]
[export.qodethemes.com/_toolbar/assets/js/rbt-modules080f.js]
[overworld.qodeinteractive.com/wp-content/themes/overworld/framework/lib/icons-pack/dripicons/fonts/dripicons-v2.svg]
[overworld.qodeinteractive.com/wp-content/themes/overworld/framework/lib/icons-pack/elegant-icons/fonts/ElegantIcons.svg]
[overworld.qodeinteractive.com/wp-content/themes/overworld/framework/lib/icons-pack/linea-icons/arrows/fonts/linea-arrows-10.svg]
[overworld.qodeinteractive.com/wp-content/themes/overworld/framework/lib/icons-pack/linea-icons/basic/fonts/linea-basic-10.svg]
[overworld.qodeinteractive.com/wp-content/themes/overworld/framework/lib/icons-pack/linea-icons/basic-elaboration/fonts/linea-basic-elaboration-10.svg]
[overworld.qodeinteractive.com/wp-content/themes/overworld/framework/lib/icons-pack/linea-icons/ecommerce/fonts/linea-ecommerce-10.svg]
[overworld.qodeinteractive.com/wp-content/themes/overworld/framework/lib/icons-pack/linea-icons/music/fonts/linea-music-10.svg]
[overworld.qodeinteractive.com/wp-content/themes/overworld/framework/lib/icons-pack/linea-icons/software/fonts/linea-software-10.svg]
[overworld.qodeinteractive.com/wp-content/themes/overworld/framework/lib/icons-pack/linea-icons/weather/fonts/linea-weather-10.svg]
[overworld.qodeinteractive.com/wp-content/themes/overworld/framework/lib/icons-pack/linear-icons/fonts/Linearicons-Free54e9.svg]
[overworld.qodeinteractive.com/wp-content/themes/overworld/framework/lib/icons-pack/simple-line-icons/fonts/Simple-Line-Iconsb26c.svg]
[overworld.qodeinteractive.com/wp-includes/js/mediaelement/mejs-controls.svg]
